2026/03/30 03:34:06 - mmengine - INFO - 
------------------------------------------------------------
System environment:
    sys.platform: linux
    Python: 3.8.4 | packaged by conda-forge | (default, Jul 17 2020, 15:16:46) [GCC 7.5.0]
    CUDA available: True
    MUSA available: False
    numpy_random_seed: 21
    GPU 0: NVIDIA GeForce RTX 2080 Ti
    CUDA_HOME: /usr
    NVCC: Cuda compilation tools, release 12.0, V12.0.140
    GCC: gcc (Ubuntu 13.3.0-6ubuntu2~24.04.1) 13.3.0
    PyTorch: 2.4.1+cu121
    PyTorch compiling details: PyTorch built with:
  - GCC 9.3
  - C++ Version: 201703
  - Intel(R) oneAPI Math Kernel Library Version 2022.2-Product Build 20220804 for Intel(R) 64 architecture applications
  - Intel(R) MKL-DNN v3.4.2 (Git Hash 1137e04ec0b5251ca2b4400a4fd3c667ce843d67)
  - OpenMP 201511 (a.k.a. OpenMP 4.5)
  - LAPACK is enabled (usually provided by MKL)
  - NNPACK is enabled
  - CPU capability usage: AVX2
  - CUDA Runtime 12.1
  - NVCC architecture flags: -gencode;arch=compute_50,code=sm_50;-gencode;arch=compute_60,code=sm_60;-gencode;arch=compute_70,code=sm_70;-gencode;arch=compute_75,code=sm_75;-gencode;arch=compute_80,code=sm_80;-gencode;arch=compute_86,code=sm_86;-gencode;arch=compute_90,code=sm_90
  - CuDNN 90.1  (built against CUDA 12.4)
  - Magma 2.6.1
  - Build settings: BLAS_INFO=mkl, BUILD_TYPE=Release, CUDA_VERSION=12.1, CUDNN_VERSION=9.1.0, CXX_COMPILER=/opt/rh/devtoolset-9/root/usr/bin/c++, CXX_FLAGS= -D_GLIBCXX_USE_CXX11_ABI=0 -fabi-version=11 -fvisibility-inlines-hidden -DUSE_PTHREADPOOL -DNDEBUG -DUSE_KINETO -DLIBKINETO_NOROCTRACER -DUSE_FBGEMM -DUSE_PYTORCH_QNNPACK -DUSE_XNNPACK -DSYMBOLICATE_MOBILE_DEBUG_HANDLE -O2 -fPIC -Wall -Wextra -Werror=return-type -Werror=non-virtual-dtor -Werror=bool-operation -Wnarrowing -Wno-missing-field-initializers -Wno-type-limits -Wno-array-bounds -Wno-unknown-pragmas -Wno-unused-parameter -Wno-unused-function -Wno-unused-result -Wno-strict-overflow -Wno-strict-aliasing -Wno-stringop-overflow -Wsuggest-override -Wno-psabi -Wno-error=pedantic -Wno-error=old-style-cast -Wno-missing-braces -fdiagnostics-color=always -faligned-new -Wno-unused-but-set-variable -Wno-maybe-uninitialized -fno-math-errno -fno-trapping-math -Werror=format -Wno-stringop-overflow, LAPACK_INFO=mkl, PERF_WITH_AVX=1, PERF_WITH_AVX2=1, PERF_WITH_AVX512=1, TORCH_VERSION=2.4.1, USE_CUDA=ON, USE_CUDNN=ON, USE_CUSPARSELT=1, USE_EXCEPTION_PTR=1, USE_GFLAGS=OFF, USE_GLOG=OFF, USE_GLOO=ON, USE_MKL=ON, USE_MKLDNN=ON, USE_MPI=OFF, USE_NCCL=1, USE_NNPACK=ON, USE_OPENMP=ON, USE_ROCM=OFF, USE_ROCM_KERNEL_ASSERT=OFF, 

    TorchVision: 0.19.1+cu121
    OpenCV: 4.13.0
    MMEngine: 0.10.7

Runtime environment:
    cudnn_benchmark: False
    mp_cfg: {'mp_start_method': 'fork', 'opencv_num_threads': 0}
    dist_cfg: {'backend': 'nccl'}
    seed: 21
    Distributed launcher: none
    Distributed training: False
    GPU number: 1
------------------------------------------------------------

2026/03/30 03:34:06 - mmengine - INFO - Config:
auto_scale_lr = dict(base_batch_size=1024)
backend_args = dict(backend='local')
base_lr = 0.004
codec = dict(
    input_size=(
        192,
        256,
    ),
    normalize=False,
    sigma=(
        4.9,
        5.66,
    ),
    simcc_split_ratio=2.0,
    type='SimCCLabel',
    use_dark=False)
custom_hooks = [
    dict(
        switch_epoch=390,
        switch_pipeline=[
            dict(backend_args=dict(backend='local'), type='LoadImage'),
            dict(type='GetBBoxCenterScale'),
            dict(direction='horizontal', type='RandomFlip'),
            dict(type='RandomHalfBody'),
            dict(
                rotate_factor=60,
                scale_factor=[
                    0.75,
                    1.25,
                ],
                shift_factor=0.0,
                type='RandomBBoxTransform'),
            dict(input_size=(
                192,
                256,
            ), type='TopdownAffine'),
            dict(type='mmdet.YOLOXHSVRandomAug'),
            dict(
                transforms=[
                    dict(p=0.1, type='Blur'),
                    dict(p=0.1, type='MedianBlur'),
                    dict(
                        max_height=0.4,
                        max_holes=1,
                        max_width=0.4,
                        min_height=0.2,
                        min_holes=1,
                        min_width=0.2,
                        p=0.5,
                        type='CoarseDropout'),
                ],
                type='Albumentation'),
            dict(
                encoder=dict(
                    input_size=(
                        192,
                        256,
                    ),
                    normalize=False,
                    sigma=(
                        4.9,
                        5.66,
                    ),
                    simcc_split_ratio=2.0,
                    type='SimCCLabel',
                    use_dark=False),
                type='GenerateTarget'),
            dict(type='PackPoseInputs'),
        ],
        type='mmdet.PipelineSwitchHook'),
]
data_mode = 'topdown'
data_root = '/home/tvem/anime/AniPose2/link-to-anime'
dataset_type = 'CocoDataset'
default_hooks = dict(
    checkpoint=dict(
        interval=5,
        max_keep_ckpts=3,
        rule='greater',
        save_best='coco/AP',
        type='CheckpointHook'),
    logger=dict(interval=10, type='LoggerHook'),
    param_scheduler=dict(type='ParamSchedulerHook'),
    sampler_seed=dict(type='DistSamplerSeedHook'),
    timer=dict(type='IterTimerHook'))
default_scope = 'mmpose'
env_cfg = dict(
    cudnn_benchmark=False,
    dist_cfg=dict(backend='nccl'),
    mp_cfg=dict(mp_start_method='fork', opencv_num_threads=0))
load_from = None
log_level = 'INFO'
log_processor = dict(
    by_epoch=True, num_digits=6, type='LogProcessor', window_size=50)
max_epochs = 420
model = dict(
    backbone=dict(
        _scope_='mmdet',
        act_cfg=dict(type='SiLU'),
        arch='P5',
        channel_attention=True,
        deepen_factor=0.167,
        expand_ratio=0.5,
        init_cfg=dict(
            checkpoint=
            'https://download.openmmlab.com/mmpose/v1/projects/rtmposev1/cspnext-tiny_udp-aic-coco_210e-256x192-cbed682d_20230130.pth',
            prefix='backbone.',
            type='Pretrained'),
        norm_cfg=dict(type='SyncBN'),
        out_indices=(4, ),
        type='CSPNeXt',
        widen_factor=0.375),
    data_preprocessor=dict(
        bgr_to_rgb=True,
        mean=[
            123.675,
            116.28,
            103.53,
        ],
        std=[
            58.395,
            57.12,
            57.375,
        ],
        type='PoseDataPreprocessor'),
    head=dict(
        decoder=dict(
            input_size=(
                192,
                256,
            ),
            sigma=6.0,
            simcc_split_ratio=2.0,
            smoothing_type='gaussian',
            type='SimCCLabel'),
        final_layer_kernel_size=7,
        gau_cfg=dict(
            act_fn='SiLU',
            drop_path=0.0,
            dropout_rate=0.0,
            expansion_factor=2,
            hidden_dims=256,
            pos_enc=False,
            s=128,
            use_rel_bias=False),
        in_channels=384,
        in_featuremap_size=(
            6,
            8,
        ),
        input_size=(
            192,
            256,
        ),
        loss=dict(
            beta=10.0,
            label_softmax=True,
            type='KLDiscretLoss',
            use_target_weight=True),
        out_channels=17,
        simcc_split_ratio=2.0,
        type='RTMCCHead'),
    test_cfg=dict(flip_test=True),
    type='TopdownPoseEstimator')
optim_wrapper = dict(
    optimizer=dict(
        betas=(
            0.9,
            0.999,
        ), lr=0.0005, type='AdamW', weight_decay=0.01),
    paramwise_cfg=dict(
        bias_decay_mult=0, bypass_duplicate=True, norm_decay_mult=0),
    type='OptimWrapper')
param_scheduler = [
    dict(
        begin=0, by_epoch=False, end=500, start_factor=0.001, type='LinearLR'),
    dict(gamma=0.1, milestones=[
        10,
        13,
    ], type='MultiStepLR'),
]
randomness = dict(seed=21)
resume = False
stage2_num_epochs = 30
test_cfg = dict()
test_dataloader = dict(
    batch_size=8,
    dataset=dict(
        ann_file='/home/tvem/anime/AniPose2/anime_coco_val.json',
        data_prefix=dict(img=''),
        data_root='/home/tvem/anime/AniPose2/link-to-anime',
        metainfo=dict(
            from_file=
            '/home/tvem/anime/AniPose2/mmpose/configs/_base_/datasets/coco.py'
        ),
        pipeline=[
            dict(file_client_args=dict(backend='disk'), type='LoadImage'),
            dict(type='GetBBoxCenterScale'),
            dict(input_size=(
                192,
                256,
            ), type='TopdownAffine', use_udp=True),
            dict(type='PackPoseInputs'),
        ],
        test_mode=True,
        type='CocoDataset'),
    num_workers=4,
    persistent_workers=True,
    sampler=dict(shuffle=False, type='DefaultSampler'))
test_evaluator = dict(
    ann_file='/home/tvem/anime/AniPose2/anime_coco_val.json',
    nms_mode='none',
    score_mode='keypoint',
    type='CocoMetric')
train_cfg = dict(max_epochs=15, type='EpochBasedTrainLoop', val_interval=5)
train_dataloader = dict(
    batch_size=8,
    dataset=dict(
        ann_file='/home/tvem/anime/AniPose2/anime_coco_train.json',
        data_prefix=dict(img=''),
        data_root='/home/tvem/anime/AniPose2/link-to-anime',
        metainfo=dict(
            from_file=
            '/home/tvem/anime/AniPose2/mmpose/configs/_base_/datasets/coco.py'
        ),
        pipeline=[
            dict(file_client_args=dict(backend='disk'), type='LoadImage'),
            dict(type='GetBBoxCenterScale'),
            dict(direction='horizontal', prob=0.5, type='RandomFlip'),
            dict(
                scale_factor=[
                    0.75,
                    1.25,
                ],
                shift_factor=0.1,
                type='RandomBBoxTransform'),
            dict(input_size=(
                192,
                256,
            ), type='TopdownAffine', use_udp=True),
            dict(
                encoder=dict(
                    input_size=(
                        192,
                        256,
                    ),
                    label_smooth_weight=0.0,
                    sigma=6.0,
                    simcc_split_ratio=2.0,
                    smoothing_type='gaussian',
                    type='SimCCLabel'),
                type='GenerateTarget'),
            dict(type='PackPoseInputs'),
        ],
        type='CocoDataset'),
    num_workers=4,
    persistent_workers=True,
    sampler=dict(shuffle=True, type='DefaultSampler'))
train_pipeline = [
    dict(backend_args=dict(backend='local'), type='LoadImage'),
    dict(type='GetBBoxCenterScale'),
    dict(direction='horizontal', type='RandomFlip'),
    dict(type='RandomHalfBody'),
    dict(
        rotate_factor=80,
        scale_factor=[
            0.6,
            1.4,
        ],
        type='RandomBBoxTransform'),
    dict(input_size=(
        192,
        256,
    ), type='TopdownAffine'),
    dict(type='mmdet.YOLOXHSVRandomAug'),
    dict(
        transforms=[
            dict(p=0.1, type='Blur'),
            dict(p=0.1, type='MedianBlur'),
            dict(
                max_height=0.4,
                max_holes=1,
                max_width=0.4,
                min_height=0.2,
                min_holes=1,
                min_width=0.2,
                p=1.0,
                type='CoarseDropout'),
        ],
        type='Albumentation'),
    dict(
        encoder=dict(
            input_size=(
                192,
                256,
            ),
            normalize=False,
            sigma=(
                4.9,
                5.66,
            ),
            simcc_split_ratio=2.0,
            type='SimCCLabel',
            use_dark=False),
        type='GenerateTarget'),
    dict(type='PackPoseInputs'),
]
train_pipeline_stage2 = [
    dict(backend_args=dict(backend='local'), type='LoadImage'),
    dict(type='GetBBoxCenterScale'),
    dict(direction='horizontal', type='RandomFlip'),
    dict(type='RandomHalfBody'),
    dict(
        rotate_factor=60,
        scale_factor=[
            0.75,
            1.25,
        ],
        shift_factor=0.0,
        type='RandomBBoxTransform'),
    dict(input_size=(
        192,
        256,
    ), type='TopdownAffine'),
    dict(type='mmdet.YOLOXHSVRandomAug'),
    dict(
        transforms=[
            dict(p=0.1, type='Blur'),
            dict(p=0.1, type='MedianBlur'),
            dict(
                max_height=0.4,
                max_holes=1,
                max_width=0.4,
                min_height=0.2,
                min_holes=1,
                min_width=0.2,
                p=0.5,
                type='CoarseDropout'),
        ],
        type='Albumentation'),
    dict(
        encoder=dict(
            input_size=(
                192,
                256,
            ),
            normalize=False,
            sigma=(
                4.9,
                5.66,
            ),
            simcc_split_ratio=2.0,
            type='SimCCLabel',
            use_dark=False),
        type='GenerateTarget'),
    dict(type='PackPoseInputs'),
]
val_cfg = dict()
val_dataloader = dict(
    batch_size=8,
    dataset=dict(
        ann_file='/home/tvem/anime/AniPose2/anime_coco_val.json',
        data_prefix=dict(img=''),
        data_root='/home/tvem/anime/AniPose2/link-to-anime',
        metainfo=dict(
            from_file=
            '/home/tvem/anime/AniPose2/mmpose/configs/_base_/datasets/coco.py'
        ),
        pipeline=[
            dict(file_client_args=dict(backend='disk'), type='LoadImage'),
            dict(type='GetBBoxCenterScale'),
            dict(input_size=(
                192,
                256,
            ), type='TopdownAffine', use_udp=True),
            dict(type='PackPoseInputs'),
        ],
        test_mode=True,
        type='CocoDataset'),
    num_workers=4,
    persistent_workers=True,
    sampler=dict(shuffle=False, type='DefaultSampler'))
val_evaluator = dict(
    ann_file='/home/tvem/anime/AniPose2/anime_coco_val.json',
    nms_mode='none',
    score_mode='keypoint',
    type='CocoMetric')
val_pipeline = [
    dict(backend_args=dict(backend='local'), type='LoadImage'),
    dict(type='GetBBoxCenterScale'),
    dict(input_size=(
        192,
        256,
    ), type='TopdownAffine'),
    dict(type='PackPoseInputs'),
]
vis_backends = [
    dict(type='LocalVisBackend'),
]
visualizer = dict(
    name='visualizer',
    type='PoseLocalVisualizer',
    vis_backends=[
        dict(type='LocalVisBackend'),
    ])
work_dir = './work_dirs/anime_rtmpose_tiny'

2026/03/30 03:34:07 - mmengine - INFO - Distributed training is not used, all SyncBatchNorm (SyncBN) layers in the model will be automatically reverted to BatchNormXd layers if they are used.
2026/03/30 03:34:07 - mmengine - INFO - Hooks will be executed in the following order:
before_run:
(VERY_HIGH   ) RuntimeInfoHook                    
(BELOW_NORMAL) LoggerHook                         
 -------------------- 
before_train:
(VERY_HIGH   ) RuntimeInfoHook                    
(NORMAL      ) IterTimerHook                      
(VERY_LOW    ) CheckpointHook                     
 -------------------- 
before_train_epoch:
(VERY_HIGH   ) RuntimeInfoHook                    
(NORMAL      ) IterTimerHook                      
(NORMAL      ) DistSamplerSeedHook                
(NORMAL      ) PipelineSwitchHook                 
 -------------------- 
before_train_iter:
(VERY_HIGH   ) RuntimeInfoHook                    
(NORMAL      ) IterTimerHook                      
 -------------------- 
after_train_iter:
(VERY_HIGH   ) RuntimeInfoHook                    
(NORMAL      ) IterTimerHook                      
(BELOW_NORMAL) LoggerHook                         
(LOW         ) ParamSchedulerHook                 
(VERY_LOW    ) CheckpointHook                     
 -------------------- 
after_train_epoch:
(NORMAL      ) IterTimerHook                      
(LOW         ) ParamSchedulerHook                 
(VERY_LOW    ) CheckpointHook                     
 -------------------- 
before_val:
(VERY_HIGH   ) RuntimeInfoHook                    
 -------------------- 
before_val_epoch:
(NORMAL      ) IterTimerHook                      
 -------------------- 
before_val_iter:
(NORMAL      ) IterTimerHook                      
 -------------------- 
after_val_iter:
(NORMAL      ) IterTimerHook                      
(BELOW_NORMAL) LoggerHook                         
 -------------------- 
after_val_epoch:
(VERY_HIGH   ) RuntimeInfoHook                    
(NORMAL      ) IterTimerHook                      
(BELOW_NORMAL) LoggerHook                         
(LOW         ) ParamSchedulerHook                 
(VERY_LOW    ) CheckpointHook                     
 -------------------- 
after_val:
(VERY_HIGH   ) RuntimeInfoHook                    
 -------------------- 
after_train:
(VERY_HIGH   ) RuntimeInfoHook                    
(VERY_LOW    ) CheckpointHook                     
 -------------------- 
before_test:
(VERY_HIGH   ) RuntimeInfoHook                    
 -------------------- 
before_test_epoch:
(NORMAL      ) IterTimerHook                      
 -------------------- 
before_test_iter:
(NORMAL      ) IterTimerHook                      
 -------------------- 
after_test_iter:
(NORMAL      ) IterTimerHook                      
(BELOW_NORMAL) LoggerHook                         
 -------------------- 
after_test_epoch:
(VERY_HIGH   ) RuntimeInfoHook                    
(NORMAL      ) IterTimerHook                      
(BELOW_NORMAL) LoggerHook                         
 -------------------- 
after_test:
(VERY_HIGH   ) RuntimeInfoHook                    
 -------------------- 
after_run:
(BELOW_NORMAL) LoggerHook                         
 -------------------- 
2026/03/30 03:34:07 - mmengine - INFO - paramwise_options -- backbone.stem.0.bn.weight:weight_decay=0.0
2026/03/30 03:34:07 - mmengine - INFO - paramwise_options -- backbone.stem.0.bn.bias:weight_decay=0.0
2026/03/30 03:34:07 - mmengine - INFO - paramwise_options -- backbone.stem.1.bn.weight:weight_decay=0.0
2026/03/30 03:34:07 - mmengine - INFO - paramwise_options -- backbone.stem.1.bn.bias:weight_decay=0.0
2026/03/30 03:34:07 - mmengine - INFO - paramwise_options -- backbone.stem.2.bn.weight:weight_decay=0.0
2026/03/30 03:34:07 - mmengine - INFO - paramwise_options -- backbone.stem.2.bn.bias:weight_decay=0.0
2026/03/30 03:34:07 - mmengine - INFO - paramwise_options -- backbone.stage1.0.bn.weight:weight_decay=0.0
2026/03/30 03:34:07 - mmengine - INFO - paramwise_options -- backbone.stage1.0.bn.bias:weight_decay=0.0
2026/03/30 03:34:07 - mmengine - INFO - paramwise_options -- backbone.stage1.1.main_conv.bn.weight:weight_decay=0.0
2026/03/30 03:34:07 - mmengine - INFO - paramwise_options -- backbone.stage1.1.main_conv.bn.bias:weight_decay=0.0
2026/03/30 03:34:07 - mmengine - INFO - paramwise_options -- backbone.stage1.1.short_conv.bn.weight:weight_decay=0.0
2026/03/30 03:34:07 - mmengine - INFO - paramwise_options -- backbone.stage1.1.short_conv.bn.bias:weight_decay=0.0
2026/03/30 03:34:07 - mmengine - INFO - paramwise_options -- backbone.stage1.1.final_conv.bn.weight:weight_decay=0.0
2026/03/30 03:34:07 - mmengine - INFO - paramwise_options -- backbone.stage1.1.final_conv.bn.bias:weight_decay=0.0
2026/03/30 03:34:07 - mmengine - INFO - paramwise_options -- backbone.stage1.1.blocks.0.conv1.bn.weight:weight_decay=0.0
2026/03/30 03:34:07 - mmengine - INFO - paramwise_options -- backbone.stage1.1.blocks.0.conv1.bn.bias:weight_decay=0.0
2026/03/30 03:34:07 - mmengine - INFO - paramwise_options -- backbone.stage1.1.blocks.0.conv2.depthwise_conv.bn.weight:weight_decay=0.0
2026/03/30 03:34:07 - mmengine - INFO - paramwise_options -- backbone.stage1.1.blocks.0.conv2.depthwise_conv.bn.bias:weight_decay=0.0
2026/03/30 03:34:07 - mmengine - INFO - paramwise_options -- backbone.stage1.1.blocks.0.conv2.pointwise_conv.bn.weight:weight_decay=0.0
2026/03/30 03:34:07 - mmengine - INFO - paramwise_options -- backbone.stage1.1.blocks.0.conv2.pointwise_conv.bn.bias:weight_decay=0.0
2026/03/30 03:34:07 - mmengine - INFO - paramwise_options -- backbone.stage1.1.attention.fc.bias:weight_decay=0.0
2026/03/30 03:34:07 - mmengine - INFO - paramwise_options -- backbone.stage2.0.bn.weight:weight_decay=0.0
2026/03/30 03:34:07 - mmengine - INFO - paramwise_options -- backbone.stage2.0.bn.bias:weight_decay=0.0
2026/03/30 03:34:07 - mmengine - INFO - paramwise_options -- backbone.stage2.1.main_conv.bn.weight:weight_decay=0.0
2026/03/30 03:34:07 - mmengine - INFO - paramwise_options -- backbone.stage2.1.main_conv.bn.bias:weight_decay=0.0
2026/03/30 03:34:07 - mmengine - INFO - paramwise_options -- backbone.stage2.1.short_conv.bn.weight:weight_decay=0.0
2026/03/30 03:34:07 - mmengine - INFO - paramwise_options -- backbone.stage2.1.short_conv.bn.bias:weight_decay=0.0
2026/03/30 03:34:07 - mmengine - INFO - paramwise_options -- backbone.stage2.1.final_conv.bn.weight:weight_decay=0.0
2026/03/30 03:34:07 - mmengine - INFO - paramwise_options -- backbone.stage2.1.final_conv.bn.bias:weight_decay=0.0
2026/03/30 03:34:07 - mmengine - INFO - paramwise_options -- backbone.stage2.1.blocks.0.conv1.bn.weight:weight_decay=0.0
2026/03/30 03:34:07 - mmengine - INFO - paramwise_options -- backbone.stage2.1.blocks.0.conv1.bn.bias:weight_decay=0.0
2026/03/30 03:34:07 - mmengine - INFO - paramwise_options -- backbone.stage2.1.blocks.0.conv2.depthwise_conv.bn.weight:weight_decay=0.0
2026/03/30 03:34:07 - mmengine - INFO - paramwise_options -- backbone.stage2.1.blocks.0.conv2.depthwise_conv.bn.bias:weight_decay=0.0
2026/03/30 03:34:07 - mmengine - INFO - paramwise_options -- backbone.stage2.1.blocks.0.conv2.pointwise_conv.bn.weight:weight_decay=0.0
2026/03/30 03:34:07 - mmengine - INFO - paramwise_options -- backbone.stage2.1.blocks.0.conv2.pointwise_conv.bn.bias:weight_decay=0.0
2026/03/30 03:34:07 - mmengine - INFO - paramwise_options -- backbone.stage2.1.attention.fc.bias:weight_decay=0.0
2026/03/30 03:34:07 - mmengine - INFO - paramwise_options -- backbone.stage3.0.bn.weight:weight_decay=0.0
2026/03/30 03:34:07 - mmengine - INFO - paramwise_options -- backbone.stage3.0.bn.bias:weight_decay=0.0
2026/03/30 03:34:07 - mmengine - INFO - paramwise_options -- backbone.stage3.1.main_conv.bn.weight:weight_decay=0.0
2026/03/30 03:34:07 - mmengine - INFO - paramwise_options -- backbone.stage3.1.main_conv.bn.bias:weight_decay=0.0
2026/03/30 03:34:07 - mmengine - INFO - paramwise_options -- backbone.stage3.1.short_conv.bn.weight:weight_decay=0.0
2026/03/30 03:34:07 - mmengine - INFO - paramwise_options -- backbone.stage3.1.short_conv.bn.bias:weight_decay=0.0
2026/03/30 03:34:07 - mmengine - INFO - paramwise_options -- backbone.stage3.1.final_conv.bn.weight:weight_decay=0.0
2026/03/30 03:34:07 - mmengine - INFO - paramwise_options -- backbone.stage3.1.final_conv.bn.bias:weight_decay=0.0
2026/03/30 03:34:07 - mmengine - INFO - paramwise_options -- backbone.stage3.1.blocks.0.conv1.bn.weight:weight_decay=0.0
2026/03/30 03:34:07 - mmengine - INFO - paramwise_options -- backbone.stage3.1.blocks.0.conv1.bn.bias:weight_decay=0.0
2026/03/30 03:34:07 - mmengine - INFO - paramwise_options -- backbone.stage3.1.blocks.0.conv2.depthwise_conv.bn.weight:weight_decay=0.0
2026/03/30 03:34:07 - mmengine - INFO - paramwise_options -- backbone.stage3.1.blocks.0.conv2.depthwise_conv.bn.bias:weight_decay=0.0
2026/03/30 03:34:07 - mmengine - INFO - paramwise_options -- backbone.stage3.1.blocks.0.conv2.pointwise_conv.bn.weight:weight_decay=0.0
2026/03/30 03:34:07 - mmengine - INFO - paramwise_options -- backbone.stage3.1.blocks.0.conv2.pointwise_conv.bn.bias:weight_decay=0.0
2026/03/30 03:34:07 - mmengine - INFO - paramwise_options -- backbone.stage3.1.attention.fc.bias:weight_decay=0.0
2026/03/30 03:34:07 - mmengine - INFO - paramwise_options -- backbone.stage4.0.bn.weight:weight_decay=0.0
2026/03/30 03:34:07 - mmengine - INFO - paramwise_options -- backbone.stage4.0.bn.bias:weight_decay=0.0
2026/03/30 03:34:07 - mmengine - INFO - paramwise_options -- backbone.stage4.1.conv1.bn.weight:weight_decay=0.0
2026/03/30 03:34:07 - mmengine - INFO - paramwise_options -- backbone.stage4.1.conv1.bn.bias:weight_decay=0.0
2026/03/30 03:34:07 - mmengine - INFO - paramwise_options -- backbone.stage4.1.conv2.bn.weight:weight_decay=0.0
2026/03/30 03:34:07 - mmengine - INFO - paramwise_options -- backbone.stage4.1.conv2.bn.bias:weight_decay=0.0
2026/03/30 03:34:07 - mmengine - INFO - paramwise_options -- backbone.stage4.2.main_conv.bn.weight:weight_decay=0.0
2026/03/30 03:34:07 - mmengine - INFO - paramwise_options -- backbone.stage4.2.main_conv.bn.bias:weight_decay=0.0
2026/03/30 03:34:07 - mmengine - INFO - paramwise_options -- backbone.stage4.2.short_conv.bn.weight:weight_decay=0.0
2026/03/30 03:34:07 - mmengine - INFO - paramwise_options -- backbone.stage4.2.short_conv.bn.bias:weight_decay=0.0
2026/03/30 03:34:07 - mmengine - INFO - paramwise_options -- backbone.stage4.2.final_conv.bn.weight:weight_decay=0.0
2026/03/30 03:34:07 - mmengine - INFO - paramwise_options -- backbone.stage4.2.final_conv.bn.bias:weight_decay=0.0
2026/03/30 03:34:07 - mmengine - INFO - paramwise_options -- backbone.stage4.2.blocks.0.conv1.bn.weight:weight_decay=0.0
2026/03/30 03:34:07 - mmengine - INFO - paramwise_options -- backbone.stage4.2.blocks.0.conv1.bn.bias:weight_decay=0.0
2026/03/30 03:34:07 - mmengine - INFO - paramwise_options -- backbone.stage4.2.blocks.0.conv2.depthwise_conv.bn.weight:weight_decay=0.0
2026/03/30 03:34:07 - mmengine - INFO - paramwise_options -- backbone.stage4.2.blocks.0.conv2.depthwise_conv.bn.bias:weight_decay=0.0
2026/03/30 03:34:07 - mmengine - INFO - paramwise_options -- backbone.stage4.2.blocks.0.conv2.pointwise_conv.bn.weight:weight_decay=0.0
2026/03/30 03:34:07 - mmengine - INFO - paramwise_options -- backbone.stage4.2.blocks.0.conv2.pointwise_conv.bn.bias:weight_decay=0.0
2026/03/30 03:34:07 - mmengine - INFO - paramwise_options -- backbone.stage4.2.attention.fc.bias:weight_decay=0.0
2026/03/30 03:34:07 - mmengine - INFO - paramwise_options -- head.final_layer.bias:weight_decay=0.0
2026/03/30 03:34:08 - mmengine - INFO - load backbone. in model from: https://download.openmmlab.com/mmpose/v1/projects/rtmposev1/cspnext-tiny_udp-aic-coco_210e-256x192-cbed682d_20230130.pth
Name of parameter - Initialization information

backbone.stem.0.conv.weight - torch.Size([12, 3, 3, 3]): 
PretrainedInit: load from https://download.openmmlab.com/mmpose/v1/projects/rtmposev1/cspnext-tiny_udp-aic-coco_210e-256x192-cbed682d_20230130.pth 

backbone.stem.0.bn.weight - torch.Size([12]): 
PretrainedInit: load from https://download.openmmlab.com/mmpose/v1/projects/rtmposev1/cspnext-tiny_udp-aic-coco_210e-256x192-cbed682d_20230130.pth 

backbone.stem.0.bn.bias - torch.Size([12]): 
PretrainedInit: load from https://download.openmmlab.com/mmpose/v1/projects/rtmposev1/cspnext-tiny_udp-aic-coco_210e-256x192-cbed682d_20230130.pth 

backbone.stem.1.conv.weight - torch.Size([12, 12, 3, 3]): 
PretrainedInit: load from https://download.openmmlab.com/mmpose/v1/projects/rtmposev1/cspnext-tiny_udp-aic-coco_210e-256x192-cbed682d_20230130.pth 

backbone.stem.1.bn.weight - torch.Size([12]): 
PretrainedInit: load from https://download.openmmlab.com/mmpose/v1/projects/rtmposev1/cspnext-tiny_udp-aic-coco_210e-256x192-cbed682d_20230130.pth 

backbone.stem.1.bn.bias - torch.Size([12]): 
PretrainedInit: load from https://download.openmmlab.com/mmpose/v1/projects/rtmposev1/cspnext-tiny_udp-aic-coco_210e-256x192-cbed682d_20230130.pth 

backbone.stem.2.conv.weight - torch.Size([24, 12, 3, 3]): 
PretrainedInit: load from https://download.openmmlab.com/mmpose/v1/projects/rtmposev1/cspnext-tiny_udp-aic-coco_210e-256x192-cbed682d_20230130.pth 

backbone.stem.2.bn.weight - torch.Size([24]): 
PretrainedInit: load from https://download.openmmlab.com/mmpose/v1/projects/rtmposev1/cspnext-tiny_udp-aic-coco_210e-256x192-cbed682d_20230130.pth 

backbone.stem.2.bn.bias - torch.Size([24]): 
PretrainedInit: load from https://download.openmmlab.com/mmpose/v1/projects/rtmposev1/cspnext-tiny_udp-aic-coco_210e-256x192-cbed682d_20230130.pth 

backbone.stage1.0.conv.weight - torch.Size([48, 24, 3, 3]): 
PretrainedInit: load from https://download.openmmlab.com/mmpose/v1/projects/rtmposev1/cspnext-tiny_udp-aic-coco_210e-256x192-cbed682d_20230130.pth 

backbone.stage1.0.bn.weight - torch.Size([48]): 
PretrainedInit: load from https://download.openmmlab.com/mmpose/v1/projects/rtmposev1/cspnext-tiny_udp-aic-coco_210e-256x192-cbed682d_20230130.pth 

backbone.stage1.0.bn.bias - torch.Size([48]): 
PretrainedInit: load from https://download.openmmlab.com/mmpose/v1/projects/rtmposev1/cspnext-tiny_udp-aic-coco_210e-256x192-cbed682d_20230130.pth 

backbone.stage1.1.main_conv.conv.weight - torch.Size([24, 48, 1, 1]): 
PretrainedInit: load from https://download.openmmlab.com/mmpose/v1/projects/rtmposev1/cspnext-tiny_udp-aic-coco_210e-256x192-cbed682d_20230130.pth 

backbone.stage1.1.main_conv.bn.weight - torch.Size([24]): 
PretrainedInit: load from https://download.openmmlab.com/mmpose/v1/projects/rtmposev1/cspnext-tiny_udp-aic-coco_210e-256x192-cbed682d_20230130.pth 

backbone.stage1.1.main_conv.bn.bias - torch.Size([24]): 
PretrainedInit: load from https://download.openmmlab.com/mmpose/v1/projects/rtmposev1/cspnext-tiny_udp-aic-coco_210e-256x192-cbed682d_20230130.pth 

backbone.stage1.1.short_conv.conv.weight - torch.Size([24, 48, 1, 1]): 
PretrainedInit: load from https://download.openmmlab.com/mmpose/v1/projects/rtmposev1/cspnext-tiny_udp-aic-coco_210e-256x192-cbed682d_20230130.pth 

backbone.stage1.1.short_conv.bn.weight - torch.Size([24]): 
PretrainedInit: load from https://download.openmmlab.com/mmpose/v1/projects/rtmposev1/cspnext-tiny_udp-aic-coco_210e-256x192-cbed682d_20230130.pth 

backbone.stage1.1.short_conv.bn.bias - torch.Size([24]): 
PretrainedInit: load from https://download.openmmlab.com/mmpose/v1/projects/rtmposev1/cspnext-tiny_udp-aic-coco_210e-256x192-cbed682d_20230130.pth 

backbone.stage1.1.final_conv.conv.weight - torch.Size([48, 48, 1, 1]): 
PretrainedInit: load from https://download.openmmlab.com/mmpose/v1/projects/rtmposev1/cspnext-tiny_udp-aic-coco_210e-256x192-cbed682d_20230130.pth 

backbone.stage1.1.final_conv.bn.weight - torch.Size([48]): 
PretrainedInit: load from https://download.openmmlab.com/mmpose/v1/projects/rtmposev1/cspnext-tiny_udp-aic-coco_210e-256x192-cbed682d_20230130.pth 

backbone.stage1.1.final_conv.bn.bias - torch.Size([48]): 
PretrainedInit: load from https://download.openmmlab.com/mmpose/v1/projects/rtmposev1/cspnext-tiny_udp-aic-coco_210e-256x192-cbed682d_20230130.pth 

backbone.stage1.1.blocks.0.conv1.conv.weight - torch.Size([24, 24, 3, 3]): 
PretrainedInit: load from https://download.openmmlab.com/mmpose/v1/projects/rtmposev1/cspnext-tiny_udp-aic-coco_210e-256x192-cbed682d_20230130.pth 

backbone.stage1.1.blocks.0.conv1.bn.weight - torch.Size([24]): 
PretrainedInit: load from https://download.openmmlab.com/mmpose/v1/projects/rtmposev1/cspnext-tiny_udp-aic-coco_210e-256x192-cbed682d_20230130.pth 

backbone.stage1.1.blocks.0.conv1.bn.bias - torch.Size([24]): 
PretrainedInit: load from https://download.openmmlab.com/mmpose/v1/projects/rtmposev1/cspnext-tiny_udp-aic-coco_210e-256x192-cbed682d_20230130.pth 

backbone.stage1.1.blocks.0.conv2.depthwise_conv.conv.weight - torch.Size([24, 1, 5, 5]): 
PretrainedInit: load from https://download.openmmlab.com/mmpose/v1/projects/rtmposev1/cspnext-tiny_udp-aic-coco_210e-256x192-cbed682d_20230130.pth 

backbone.stage1.1.blocks.0.conv2.depthwise_conv.bn.weight - torch.Size([24]): 
PretrainedInit: load from https://download.openmmlab.com/mmpose/v1/projects/rtmposev1/cspnext-tiny_udp-aic-coco_210e-256x192-cbed682d_20230130.pth 

backbone.stage1.1.blocks.0.conv2.depthwise_conv.bn.bias - torch.Size([24]): 
PretrainedInit: load from https://download.openmmlab.com/mmpose/v1/projects/rtmposev1/cspnext-tiny_udp-aic-coco_210e-256x192-cbed682d_20230130.pth 

backbone.stage1.1.blocks.0.conv2.pointwise_conv.conv.weight - torch.Size([24, 24, 1, 1]): 
PretrainedInit: load from https://download.openmmlab.com/mmpose/v1/projects/rtmposev1/cspnext-tiny_udp-aic-coco_210e-256x192-cbed682d_20230130.pth 

backbone.stage1.1.blocks.0.conv2.pointwise_conv.bn.weight - torch.Size([24]): 
PretrainedInit: load from https://download.openmmlab.com/mmpose/v1/projects/rtmposev1/cspnext-tiny_udp-aic-coco_210e-256x192-cbed682d_20230130.pth 

backbone.stage1.1.blocks.0.conv2.pointwise_conv.bn.bias - torch.Size([24]): 
PretrainedInit: load from https://download.openmmlab.com/mmpose/v1/projects/rtmposev1/cspnext-tiny_udp-aic-coco_210e-256x192-cbed682d_20230130.pth 

backbone.stage1.1.attention.fc.weight - torch.Size([48, 48, 1, 1]): 
PretrainedInit: load from https://download.openmmlab.com/mmpose/v1/projects/rtmposev1/cspnext-tiny_udp-aic-coco_210e-256x192-cbed682d_20230130.pth 

backbone.stage1.1.attention.fc.bias - torch.Size([48]): 
PretrainedInit: load from https://download.openmmlab.com/mmpose/v1/projects/rtmposev1/cspnext-tiny_udp-aic-coco_210e-256x192-cbed682d_20230130.pth 

backbone.stage2.0.conv.weight - torch.Size([96, 48, 3, 3]): 
PretrainedInit: load from https://download.openmmlab.com/mmpose/v1/projects/rtmposev1/cspnext-tiny_udp-aic-coco_210e-256x192-cbed682d_20230130.pth 

backbone.stage2.0.bn.weight - torch.Size([96]): 
PretrainedInit: load from https://download.openmmlab.com/mmpose/v1/projects/rtmposev1/cspnext-tiny_udp-aic-coco_210e-256x192-cbed682d_20230130.pth 

backbone.stage2.0.bn.bias - torch.Size([96]): 
PretrainedInit: load from https://download.openmmlab.com/mmpose/v1/projects/rtmposev1/cspnext-tiny_udp-aic-coco_210e-256x192-cbed682d_20230130.pth 

backbone.stage2.1.main_conv.conv.weight - torch.Size([48, 96, 1, 1]): 
PretrainedInit: load from https://download.openmmlab.com/mmpose/v1/projects/rtmposev1/cspnext-tiny_udp-aic-coco_210e-256x192-cbed682d_20230130.pth 

backbone.stage2.1.main_conv.bn.weight - torch.Size([48]): 
PretrainedInit: load from https://download.openmmlab.com/mmpose/v1/projects/rtmposev1/cspnext-tiny_udp-aic-coco_210e-256x192-cbed682d_20230130.pth 

backbone.stage2.1.main_conv.bn.bias - torch.Size([48]): 
PretrainedInit: load from https://download.openmmlab.com/mmpose/v1/projects/rtmposev1/cspnext-tiny_udp-aic-coco_210e-256x192-cbed682d_20230130.pth 

backbone.stage2.1.short_conv.conv.weight - torch.Size([48, 96, 1, 1]): 
PretrainedInit: load from https://download.openmmlab.com/mmpose/v1/projects/rtmposev1/cspnext-tiny_udp-aic-coco_210e-256x192-cbed682d_20230130.pth 

backbone.stage2.1.short_conv.bn.weight - torch.Size([48]): 
PretrainedInit: load from https://download.openmmlab.com/mmpose/v1/projects/rtmposev1/cspnext-tiny_udp-aic-coco_210e-256x192-cbed682d_20230130.pth 

backbone.stage2.1.short_conv.bn.bias - torch.Size([48]): 
PretrainedInit: load from https://download.openmmlab.com/mmpose/v1/projects/rtmposev1/cspnext-tiny_udp-aic-coco_210e-256x192-cbed682d_20230130.pth 

backbone.stage2.1.final_conv.conv.weight - torch.Size([96, 96, 1, 1]): 
PretrainedInit: load from https://download.openmmlab.com/mmpose/v1/projects/rtmposev1/cspnext-tiny_udp-aic-coco_210e-256x192-cbed682d_20230130.pth 

backbone.stage2.1.final_conv.bn.weight - torch.Size([96]): 
PretrainedInit: load from https://download.openmmlab.com/mmpose/v1/projects/rtmposev1/cspnext-tiny_udp-aic-coco_210e-256x192-cbed682d_20230130.pth 

backbone.stage2.1.final_conv.bn.bias - torch.Size([96]): 
PretrainedInit: load from https://download.openmmlab.com/mmpose/v1/projects/rtmposev1/cspnext-tiny_udp-aic-coco_210e-256x192-cbed682d_20230130.pth 

backbone.stage2.1.blocks.0.conv1.conv.weight - torch.Size([48, 48, 3, 3]): 
PretrainedInit: load from https://download.openmmlab.com/mmpose/v1/projects/rtmposev1/cspnext-tiny_udp-aic-coco_210e-256x192-cbed682d_20230130.pth 

backbone.stage2.1.blocks.0.conv1.bn.weight - torch.Size([48]): 
PretrainedInit: load from https://download.openmmlab.com/mmpose/v1/projects/rtmposev1/cspnext-tiny_udp-aic-coco_210e-256x192-cbed682d_20230130.pth 

backbone.stage2.1.blocks.0.conv1.bn.bias - torch.Size([48]): 
PretrainedInit: load from https://download.openmmlab.com/mmpose/v1/projects/rtmposev1/cspnext-tiny_udp-aic-coco_210e-256x192-cbed682d_20230130.pth 

backbone.stage2.1.blocks.0.conv2.depthwise_conv.conv.weight - torch.Size([48, 1, 5, 5]): 
PretrainedInit: load from https://download.openmmlab.com/mmpose/v1/projects/rtmposev1/cspnext-tiny_udp-aic-coco_210e-256x192-cbed682d_20230130.pth 

backbone.stage2.1.blocks.0.conv2.depthwise_conv.bn.weight - torch.Size([48]): 
PretrainedInit: load from https://download.openmmlab.com/mmpose/v1/projects/rtmposev1/cspnext-tiny_udp-aic-coco_210e-256x192-cbed682d_20230130.pth 

backbone.stage2.1.blocks.0.conv2.depthwise_conv.bn.bias - torch.Size([48]): 
PretrainedInit: load from https://download.openmmlab.com/mmpose/v1/projects/rtmposev1/cspnext-tiny_udp-aic-coco_210e-256x192-cbed682d_20230130.pth 

backbone.stage2.1.blocks.0.conv2.pointwise_conv.conv.weight - torch.Size([48, 48, 1, 1]): 
PretrainedInit: load from https://download.openmmlab.com/mmpose/v1/projects/rtmposev1/cspnext-tiny_udp-aic-coco_210e-256x192-cbed682d_20230130.pth 

backbone.stage2.1.blocks.0.conv2.pointwise_conv.bn.weight - torch.Size([48]): 
PretrainedInit: load from https://download.openmmlab.com/mmpose/v1/projects/rtmposev1/cspnext-tiny_udp-aic-coco_210e-256x192-cbed682d_20230130.pth 

backbone.stage2.1.blocks.0.conv2.pointwise_conv.bn.bias - torch.Size([48]): 
PretrainedInit: load from https://download.openmmlab.com/mmpose/v1/projects/rtmposev1/cspnext-tiny_udp-aic-coco_210e-256x192-cbed682d_20230130.pth 

backbone.stage2.1.attention.fc.weight - torch.Size([96, 96, 1, 1]): 
PretrainedInit: load from https://download.openmmlab.com/mmpose/v1/projects/rtmposev1/cspnext-tiny_udp-aic-coco_210e-256x192-cbed682d_20230130.pth 

backbone.stage2.1.attention.fc.bias - torch.Size([96]): 
PretrainedInit: load from https://download.openmmlab.com/mmpose/v1/projects/rtmposev1/cspnext-tiny_udp-aic-coco_210e-256x192-cbed682d_20230130.pth 

backbone.stage3.0.conv.weight - torch.Size([192, 96, 3, 3]): 
PretrainedInit: load from https://download.openmmlab.com/mmpose/v1/projects/rtmposev1/cspnext-tiny_udp-aic-coco_210e-256x192-cbed682d_20230130.pth 

backbone.stage3.0.bn.weight - torch.Size([192]): 
PretrainedInit: load from https://download.openmmlab.com/mmpose/v1/projects/rtmposev1/cspnext-tiny_udp-aic-coco_210e-256x192-cbed682d_20230130.pth 

backbone.stage3.0.bn.bias - torch.Size([192]): 
PretrainedInit: load from https://download.openmmlab.com/mmpose/v1/projects/rtmposev1/cspnext-tiny_udp-aic-coco_210e-256x192-cbed682d_20230130.pth 

backbone.stage3.1.main_conv.conv.weight - torch.Size([96, 192, 1, 1]): 
PretrainedInit: load from https://download.openmmlab.com/mmpose/v1/projects/rtmposev1/cspnext-tiny_udp-aic-coco_210e-256x192-cbed682d_20230130.pth 

backbone.stage3.1.main_conv.bn.weight - torch.Size([96]): 
PretrainedInit: load from https://download.openmmlab.com/mmpose/v1/projects/rtmposev1/cspnext-tiny_udp-aic-coco_210e-256x192-cbed682d_20230130.pth 

backbone.stage3.1.main_conv.bn.bias - torch.Size([96]): 
PretrainedInit: load from https://download.openmmlab.com/mmpose/v1/projects/rtmposev1/cspnext-tiny_udp-aic-coco_210e-256x192-cbed682d_20230130.pth 

backbone.stage3.1.short_conv.conv.weight - torch.Size([96, 192, 1, 1]): 
PretrainedInit: load from https://download.openmmlab.com/mmpose/v1/projects/rtmposev1/cspnext-tiny_udp-aic-coco_210e-256x192-cbed682d_20230130.pth 

backbone.stage3.1.short_conv.bn.weight - torch.Size([96]): 
PretrainedInit: load from https://download.openmmlab.com/mmpose/v1/projects/rtmposev1/cspnext-tiny_udp-aic-coco_210e-256x192-cbed682d_20230130.pth 

backbone.stage3.1.short_conv.bn.bias - torch.Size([96]): 
PretrainedInit: load from https://download.openmmlab.com/mmpose/v1/projects/rtmposev1/cspnext-tiny_udp-aic-coco_210e-256x192-cbed682d_20230130.pth 

backbone.stage3.1.final_conv.conv.weight - torch.Size([192, 192, 1, 1]): 
PretrainedInit: load from https://download.openmmlab.com/mmpose/v1/projects/rtmposev1/cspnext-tiny_udp-aic-coco_210e-256x192-cbed682d_20230130.pth 

backbone.stage3.1.final_conv.bn.weight - torch.Size([192]): 
PretrainedInit: load from https://download.openmmlab.com/mmpose/v1/projects/rtmposev1/cspnext-tiny_udp-aic-coco_210e-256x192-cbed682d_20230130.pth 

backbone.stage3.1.final_conv.bn.bias - torch.Size([192]): 
PretrainedInit: load from https://download.openmmlab.com/mmpose/v1/projects/rtmposev1/cspnext-tiny_udp-aic-coco_210e-256x192-cbed682d_20230130.pth 

backbone.stage3.1.blocks.0.conv1.conv.weight - torch.Size([96, 96, 3, 3]): 
PretrainedInit: load from https://download.openmmlab.com/mmpose/v1/projects/rtmposev1/cspnext-tiny_udp-aic-coco_210e-256x192-cbed682d_20230130.pth 

backbone.stage3.1.blocks.0.conv1.bn.weight - torch.Size([96]): 
PretrainedInit: load from https://download.openmmlab.com/mmpose/v1/projects/rtmposev1/cspnext-tiny_udp-aic-coco_210e-256x192-cbed682d_20230130.pth 

backbone.stage3.1.blocks.0.conv1.bn.bias - torch.Size([96]): 
PretrainedInit: load from https://download.openmmlab.com/mmpose/v1/projects/rtmposev1/cspnext-tiny_udp-aic-coco_210e-256x192-cbed682d_20230130.pth 

backbone.stage3.1.blocks.0.conv2.depthwise_conv.conv.weight - torch.Size([96, 1, 5, 5]): 
PretrainedInit: load from https://download.openmmlab.com/mmpose/v1/projects/rtmposev1/cspnext-tiny_udp-aic-coco_210e-256x192-cbed682d_20230130.pth 

backbone.stage3.1.blocks.0.conv2.depthwise_conv.bn.weight - torch.Size([96]): 
PretrainedInit: load from https://download.openmmlab.com/mmpose/v1/projects/rtmposev1/cspnext-tiny_udp-aic-coco_210e-256x192-cbed682d_20230130.pth 

backbone.stage3.1.blocks.0.conv2.depthwise_conv.bn.bias - torch.Size([96]): 
PretrainedInit: load from https://download.openmmlab.com/mmpose/v1/projects/rtmposev1/cspnext-tiny_udp-aic-coco_210e-256x192-cbed682d_20230130.pth 

backbone.stage3.1.blocks.0.conv2.pointwise_conv.conv.weight - torch.Size([96, 96, 1, 1]): 
PretrainedInit: load from https://download.openmmlab.com/mmpose/v1/projects/rtmposev1/cspnext-tiny_udp-aic-coco_210e-256x192-cbed682d_20230130.pth 

backbone.stage3.1.blocks.0.conv2.pointwise_conv.bn.weight - torch.Size([96]): 
PretrainedInit: load from https://download.openmmlab.com/mmpose/v1/projects/rtmposev1/cspnext-tiny_udp-aic-coco_210e-256x192-cbed682d_20230130.pth 

backbone.stage3.1.blocks.0.conv2.pointwise_conv.bn.bias - torch.Size([96]): 
PretrainedInit: load from https://download.openmmlab.com/mmpose/v1/projects/rtmposev1/cspnext-tiny_udp-aic-coco_210e-256x192-cbed682d_20230130.pth 

backbone.stage3.1.attention.fc.weight - torch.Size([192, 192, 1, 1]): 
PretrainedInit: load from https://download.openmmlab.com/mmpose/v1/projects/rtmposev1/cspnext-tiny_udp-aic-coco_210e-256x192-cbed682d_20230130.pth 

backbone.stage3.1.attention.fc.bias - torch.Size([192]): 
PretrainedInit: load from https://download.openmmlab.com/mmpose/v1/projects/rtmposev1/cspnext-tiny_udp-aic-coco_210e-256x192-cbed682d_20230130.pth 

backbone.stage4.0.conv.weight - torch.Size([384, 192, 3, 3]): 
PretrainedInit: load from https://download.openmmlab.com/mmpose/v1/projects/rtmposev1/cspnext-tiny_udp-aic-coco_210e-256x192-cbed682d_20230130.pth 

backbone.stage4.0.bn.weight - torch.Size([384]): 
PretrainedInit: load from https://download.openmmlab.com/mmpose/v1/projects/rtmposev1/cspnext-tiny_udp-aic-coco_210e-256x192-cbed682d_20230130.pth 

backbone.stage4.0.bn.bias - torch.Size([384]): 
PretrainedInit: load from https://download.openmmlab.com/mmpose/v1/projects/rtmposev1/cspnext-tiny_udp-aic-coco_210e-256x192-cbed682d_20230130.pth 

backbone.stage4.1.conv1.conv.weight - torch.Size([192, 384, 1, 1]): 
PretrainedInit: load from https://download.openmmlab.com/mmpose/v1/projects/rtmposev1/cspnext-tiny_udp-aic-coco_210e-256x192-cbed682d_20230130.pth 

backbone.stage4.1.conv1.bn.weight - torch.Size([192]): 
PretrainedInit: load from https://download.openmmlab.com/mmpose/v1/projects/rtmposev1/cspnext-tiny_udp-aic-coco_210e-256x192-cbed682d_20230130.pth 

backbone.stage4.1.conv1.bn.bias - torch.Size([192]): 
PretrainedInit: load from https://download.openmmlab.com/mmpose/v1/projects/rtmposev1/cspnext-tiny_udp-aic-coco_210e-256x192-cbed682d_20230130.pth 

backbone.stage4.1.conv2.conv.weight - torch.Size([384, 768, 1, 1]): 
PretrainedInit: load from https://download.openmmlab.com/mmpose/v1/projects/rtmposev1/cspnext-tiny_udp-aic-coco_210e-256x192-cbed682d_20230130.pth 

backbone.stage4.1.conv2.bn.weight - torch.Size([384]): 
PretrainedInit: load from https://download.openmmlab.com/mmpose/v1/projects/rtmposev1/cspnext-tiny_udp-aic-coco_210e-256x192-cbed682d_20230130.pth 

backbone.stage4.1.conv2.bn.bias - torch.Size([384]): 
PretrainedInit: load from https://download.openmmlab.com/mmpose/v1/projects/rtmposev1/cspnext-tiny_udp-aic-coco_210e-256x192-cbed682d_20230130.pth 

backbone.stage4.2.main_conv.conv.weight - torch.Size([192, 384, 1, 1]): 
PretrainedInit: load from https://download.openmmlab.com/mmpose/v1/projects/rtmposev1/cspnext-tiny_udp-aic-coco_210e-256x192-cbed682d_20230130.pth 

backbone.stage4.2.main_conv.bn.weight - torch.Size([192]): 
PretrainedInit: load from https://download.openmmlab.com/mmpose/v1/projects/rtmposev1/cspnext-tiny_udp-aic-coco_210e-256x192-cbed682d_20230130.pth 

backbone.stage4.2.main_conv.bn.bias - torch.Size([192]): 
PretrainedInit: load from https://download.openmmlab.com/mmpose/v1/projects/rtmposev1/cspnext-tiny_udp-aic-coco_210e-256x192-cbed682d_20230130.pth 

backbone.stage4.2.short_conv.conv.weight - torch.Size([192, 384, 1, 1]): 
PretrainedInit: load from https://download.openmmlab.com/mmpose/v1/projects/rtmposev1/cspnext-tiny_udp-aic-coco_210e-256x192-cbed682d_20230130.pth 

backbone.stage4.2.short_conv.bn.weight - torch.Size([192]): 
PretrainedInit: load from https://download.openmmlab.com/mmpose/v1/projects/rtmposev1/cspnext-tiny_udp-aic-coco_210e-256x192-cbed682d_20230130.pth 

backbone.stage4.2.short_conv.bn.bias - torch.Size([192]): 
PretrainedInit: load from https://download.openmmlab.com/mmpose/v1/projects/rtmposev1/cspnext-tiny_udp-aic-coco_210e-256x192-cbed682d_20230130.pth 

backbone.stage4.2.final_conv.conv.weight - torch.Size([384, 384, 1, 1]): 
PretrainedInit: load from https://download.openmmlab.com/mmpose/v1/projects/rtmposev1/cspnext-tiny_udp-aic-coco_210e-256x192-cbed682d_20230130.pth 

backbone.stage4.2.final_conv.bn.weight - torch.Size([384]): 
PretrainedInit: load from https://download.openmmlab.com/mmpose/v1/projects/rtmposev1/cspnext-tiny_udp-aic-coco_210e-256x192-cbed682d_20230130.pth 

backbone.stage4.2.final_conv.bn.bias - torch.Size([384]): 
PretrainedInit: load from https://download.openmmlab.com/mmpose/v1/projects/rtmposev1/cspnext-tiny_udp-aic-coco_210e-256x192-cbed682d_20230130.pth 

backbone.stage4.2.blocks.0.conv1.conv.weight - torch.Size([192, 192, 3, 3]): 
PretrainedInit: load from https://download.openmmlab.com/mmpose/v1/projects/rtmposev1/cspnext-tiny_udp-aic-coco_210e-256x192-cbed682d_20230130.pth 

backbone.stage4.2.blocks.0.conv1.bn.weight - torch.Size([192]): 
PretrainedInit: load from https://download.openmmlab.com/mmpose/v1/projects/rtmposev1/cspnext-tiny_udp-aic-coco_210e-256x192-cbed682d_20230130.pth 

backbone.stage4.2.blocks.0.conv1.bn.bias - torch.Size([192]): 
PretrainedInit: load from https://download.openmmlab.com/mmpose/v1/projects/rtmposev1/cspnext-tiny_udp-aic-coco_210e-256x192-cbed682d_20230130.pth 

backbone.stage4.2.blocks.0.conv2.depthwise_conv.conv.weight - torch.Size([192, 1, 5, 5]): 
PretrainedInit: load from https://download.openmmlab.com/mmpose/v1/projects/rtmposev1/cspnext-tiny_udp-aic-coco_210e-256x192-cbed682d_20230130.pth 

backbone.stage4.2.blocks.0.conv2.depthwise_conv.bn.weight - torch.Size([192]): 
PretrainedInit: load from https://download.openmmlab.com/mmpose/v1/projects/rtmposev1/cspnext-tiny_udp-aic-coco_210e-256x192-cbed682d_20230130.pth 

backbone.stage4.2.blocks.0.conv2.depthwise_conv.bn.bias - torch.Size([192]): 
PretrainedInit: load from https://download.openmmlab.com/mmpose/v1/projects/rtmposev1/cspnext-tiny_udp-aic-coco_210e-256x192-cbed682d_20230130.pth 

backbone.stage4.2.blocks.0.conv2.pointwise_conv.conv.weight - torch.Size([192, 192, 1, 1]): 
PretrainedInit: load from https://download.openmmlab.com/mmpose/v1/projects/rtmposev1/cspnext-tiny_udp-aic-coco_210e-256x192-cbed682d_20230130.pth 

backbone.stage4.2.blocks.0.conv2.pointwise_conv.bn.weight - torch.Size([192]): 
PretrainedInit: load from https://download.openmmlab.com/mmpose/v1/projects/rtmposev1/cspnext-tiny_udp-aic-coco_210e-256x192-cbed682d_20230130.pth 

backbone.stage4.2.blocks.0.conv2.pointwise_conv.bn.bias - torch.Size([192]): 
PretrainedInit: load from https://download.openmmlab.com/mmpose/v1/projects/rtmposev1/cspnext-tiny_udp-aic-coco_210e-256x192-cbed682d_20230130.pth 

backbone.stage4.2.attention.fc.weight - torch.Size([384, 384, 1, 1]): 
PretrainedInit: load from https://download.openmmlab.com/mmpose/v1/projects/rtmposev1/cspnext-tiny_udp-aic-coco_210e-256x192-cbed682d_20230130.pth 

backbone.stage4.2.attention.fc.bias - torch.Size([384]): 
PretrainedInit: load from https://download.openmmlab.com/mmpose/v1/projects/rtmposev1/cspnext-tiny_udp-aic-coco_210e-256x192-cbed682d_20230130.pth 

head.final_layer.weight - torch.Size([17, 384, 7, 7]): 
NormalInit: mean=0, std=0.001, bias=0 

head.final_layer.bias - torch.Size([17]): 
NormalInit: mean=0, std=0.001, bias=0 

head.mlp.0.g - torch.Size([1]): 
The value is the same before and after calling `init_weights` of TopdownPoseEstimator  

head.mlp.1.weight - torch.Size([256, 48]): 
NormalInit: mean=0, std=0.01, bias=0 

head.gau.gamma - torch.Size([2, 128]): 
The value is the same before and after calling `init_weights` of TopdownPoseEstimator  

head.gau.beta - torch.Size([2, 128]): 
The value is the same before and after calling `init_weights` of TopdownPoseEstimator  

head.gau.o.weight - torch.Size([256, 512]): 
NormalInit: mean=0, std=0.01, bias=0 

head.gau.uv.weight - torch.Size([1152, 256]): 
NormalInit: mean=0, std=0.01, bias=0 

head.gau.ln.g - torch.Size([1]): 
The value is the same before and after calling `init_weights` of TopdownPoseEstimator  

head.gau.res_scale.scale - torch.Size([256]): 
The value is the same before and after calling `init_weights` of TopdownPoseEstimator  

head.cls_x.weight - torch.Size([384, 256]): 
NormalInit: mean=0, std=0.01, bias=0 

head.cls_y.weight - torch.Size([512, 256]): 
NormalInit: mean=0, std=0.01, bias=0 
2026/03/30 03:34:08 - mmengine - WARNING - "FileClient" will be deprecated in future. Please use io functions in https://mmengine.readthedocs.io/en/latest/api/fileio.html#file-io
2026/03/30 03:34:08 - mmengine - WARNING - "HardDiskBackend" is the alias of "LocalBackend" and the former will be deprecated in future.
2026/03/30 03:34:08 - mmengine - INFO - Checkpoints will be saved to /home/tvem/anime/AniPose2/work_dirs/anime_rtmpose_tiny.
2026/03/30 03:34:11 - mmengine - INFO - Epoch(train)  [1][10/45]  base_lr: 9.509018e-06 lr: 9.509018e-06  eta: 0:03:23  time: 0.305757  data_time: 0.102562  memory: 303  loss: 0.000428  loss_kpt: 0.000428  acc_pose: 0.016807
2026/03/30 03:34:13 - mmengine - INFO - Epoch(train)  [1][20/45]  base_lr: 1.951904e-05 lr: 1.951904e-05  eta: 0:02:26  time: 0.224405  data_time: 0.078109  memory: 303  loss: 0.000406  loss_kpt: 0.000406  acc_pose: 0.009804
2026/03/30 03:34:15 - mmengine - INFO - Epoch(train)  [1][30/45]  base_lr: 2.952906e-05 lr: 2.952906e-05  eta: 0:02:14  time: 0.209042  data_time: 0.078128  memory: 303  loss: 0.000366  loss_kpt: 0.000366  acc_pose: 0.014706
2026/03/30 03:34:16 - mmengine - INFO - Epoch(train)  [1][40/45]  base_lr: 3.953908e-05 lr: 3.953908e-05  eta: 0:02:01  time: 0.192058  data_time: 0.070847  memory: 303  loss: 0.000335  loss_kpt: 0.000335  acc_pose: 0.015756
2026/03/30 03:34:17 - mmengine - INFO - Exp name: rtmpose-t_8xb256-420e_coco-256x192_20260330_033406
2026/03/30 03:34:19 - mmengine - INFO - Epoch(train)  [2][10/45]  base_lr: 5.455411e-05 lr: 5.455411e-05  eta: 0:01:55  time: 0.162005  data_time: 0.071895  memory: 303  loss: 0.000289  loss_kpt: 0.000289  acc_pose: 0.011765
2026/03/30 03:34:20 - mmengine - INFO - Epoch(train)  [2][20/45]  base_lr: 6.456413e-05 lr: 6.456413e-05  eta: 0:01:49  time: 0.157471  data_time: 0.071183  memory: 303  loss: 0.000251  loss_kpt: 0.000251  acc_pose: 0.045588
2026/03/30 03:34:22 - mmengine - INFO - Epoch(train)  [2][30/45]  base_lr: 7.457415e-05 lr: 7.457415e-05  eta: 0:01:45  time: 0.156819  data_time: 0.075049  memory: 303  loss: 0.000221  loss_kpt: 0.000221  acc_pose: 0.042647
2026/03/30 03:34:23 - mmengine - INFO - Epoch(train)  [2][40/45]  base_lr: 8.458417e-05 lr: 8.458417e-05  eta: 0:01:40  time: 0.148957  data_time: 0.068419  memory: 303  loss: 0.000213  loss_kpt: 0.000213  acc_pose: 0.014706
2026/03/30 03:34:23 - mmengine - INFO - Exp name: rtmpose-t_8xb256-420e_coco-256x192_20260330_033406
2026/03/30 03:34:25 - mmengine - INFO - Epoch(train)  [3][10/45]  base_lr: 9.959920e-05 lr: 9.959920e-05  eta: 0:01:37  time: 0.150233  data_time: 0.068802  memory: 303  loss: 0.000208  loss_kpt: 0.000208  acc_pose: 0.049370
2026/03/30 03:34:27 - mmengine - INFO - Epoch(train)  [3][20/45]  base_lr: 1.096092e-04 lr: 1.096092e-04  eta: 0:01:34  time: 0.147894  data_time: 0.065115  memory: 303  loss: 0.000206  loss_kpt: 0.000206  acc_pose: 0.066176
2026/03/30 03:34:28 - mmengine - INFO - Epoch(train)  [3][30/45]  base_lr: 1.196192e-04 lr: 1.196192e-04  eta: 0:01:32  time: 0.151615  data_time: 0.065692  memory: 303  loss: 0.000202  loss_kpt: 0.000202  acc_pose: 0.066176
2026/03/30 03:34:30 - mmengine - INFO - Epoch(train)  [3][40/45]  base_lr: 1.296293e-04 lr: 1.296293e-04  eta: 0:01:29  time: 0.150813  data_time: 0.064848  memory: 303  loss: 0.000202  loss_kpt: 0.000202  acc_pose: 0.070588
2026/03/30 03:34:30 - mmengine - INFO - Exp name: rtmpose-t_8xb256-420e_coco-256x192_20260330_033406
2026/03/30 03:34:32 - mmengine - INFO - Epoch(train)  [4][10/45]  base_lr: 1.446443e-04 lr: 1.446443e-04  eta: 0:01:27  time: 0.156240  data_time: 0.070089  memory: 303  loss: 0.000201  loss_kpt: 0.000201  acc_pose: 0.155462
2026/03/30 03:34:34 - mmengine - INFO - Epoch(train)  [4][20/45]  base_lr: 1.546543e-04 lr: 1.546543e-04  eta: 0:01:25  time: 0.152389  data_time: 0.066849  memory: 303  loss: 0.000198  loss_kpt: 0.000198  acc_pose: 0.186275
2026/03/30 03:34:35 - mmengine - INFO - Epoch(train)  [4][30/45]  base_lr: 1.646643e-04 lr: 1.646643e-04  eta: 0:01:23  time: 0.152348  data_time: 0.065662  memory: 303  loss: 0.000197  loss_kpt: 0.000197  acc_pose: 0.252451
2026/03/30 03:34:37 - mmengine - INFO - Epoch(train)  [4][40/45]  base_lr: 1.746743e-04 lr: 1.746743e-04  eta: 0:01:21  time: 0.151901  data_time: 0.064233  memory: 303  loss: 0.000190  loss_kpt: 0.000190  acc_pose: 0.216176
2026/03/30 03:34:37 - mmengine - INFO - Exp name: rtmpose-t_8xb256-420e_coco-256x192_20260330_033406
2026/03/30 03:34:39 - mmengine - INFO - Epoch(train)  [5][10/45]  base_lr: 1.896894e-04 lr: 1.896894e-04  eta: 0:01:18  time: 0.148409  data_time: 0.057851  memory: 303  loss: 0.000182  loss_kpt: 0.000182  acc_pose: 0.476050
2026/03/30 03:34:41 - mmengine - INFO - Epoch(train)  [5][20/45]  base_lr: 1.996994e-04 lr: 1.996994e-04  eta: 0:01:16  time: 0.153377  data_time: 0.064114  memory: 303  loss: 0.000177  loss_kpt: 0.000177  acc_pose: 0.426891
2026/03/30 03:34:42 - mmengine - INFO - Epoch(train)  [5][30/45]  base_lr: 2.097094e-04 lr: 2.097094e-04  eta: 0:01:14  time: 0.150275  data_time: 0.062865  memory: 303  loss: 0.000175  loss_kpt: 0.000175  acc_pose: 0.308964
2026/03/30 03:34:44 - mmengine - INFO - Epoch(train)  [5][40/45]  base_lr: 2.197194e-04 lr: 2.197194e-04  eta: 0:01:12  time: 0.152816  data_time: 0.067134  memory: 303  loss: 0.000170  loss_kpt: 0.000170  acc_pose: 0.261765
2026/03/30 03:34:44 - mmengine - INFO - Exp name: rtmpose-t_8xb256-420e_coco-256x192_20260330_033406
2026/03/30 03:34:44 - mmengine - INFO - Saving checkpoint at 5 epochs
2026/03/30 03:34:46 - mmengine - INFO - Epoch(val)  [5][10/45]    eta: 0:00:05  time: 0.148070  data_time: 0.107818  memory: 303  
2026/03/30 03:34:47 - mmengine - INFO - Epoch(val)  [5][20/45]    eta: 0:00:02  time: 0.118126  data_time: 0.078905  memory: 115  
2026/03/30 03:34:48 - mmengine - INFO - Epoch(val)  [5][30/45]    eta: 0:00:01  time: 0.121807  data_time: 0.080867  memory: 115  
2026/03/30 03:34:49 - mmengine - INFO - Epoch(val)  [5][40/45]    eta: 0:00:00  time: 0.119345  data_time: 0.078841  memory: 115  
2026/03/30 03:34:50 - mmengine - INFO - Evaluating CocoMetric...
2026/03/30 03:34:50 - mmengine - INFO - Epoch(val) [5][45/45]    coco/AP: 0.156156  coco/AP .5: 0.545671  coco/AP .75: 0.031683  coco/AP (M): -1.000000  coco/AP (L): 0.156156  coco/AR: 0.186667  coco/AR .5: 0.605556  coco/AR .75: 0.077778  coco/AR (M): -1.000000  coco/AR (L): 0.186667  data_time: 0.078131  time: 0.116585
2026/03/30 03:34:51 - mmengine - INFO - The best checkpoint with 0.1562 coco/AP at 5 epoch is saved to best_coco_AP_epoch_5.pth.
2026/03/30 03:34:53 - mmengine - INFO - Epoch(train)  [6][10/45]  base_lr: 2.347345e-04 lr: 2.347345e-04  eta: 0:01:10  time: 0.153089  data_time: 0.068409  memory: 303  loss: 0.000169  loss_kpt: 0.000169  acc_pose: 0.560924
2026/03/30 03:34:55 - mmengine - INFO - Epoch(train)  [6][20/45]  base_lr: 2.447445e-04 lr: 2.447445e-04  eta: 0:01:08  time: 0.153960  data_time: 0.070374  memory: 303  loss: 0.000167  loss_kpt: 0.000167  acc_pose: 0.317927
2026/03/30 03:34:56 - mmengine - INFO - Epoch(train)  [6][30/45]  base_lr: 2.547545e-04 lr: 2.547545e-04  eta: 0:01:06  time: 0.150757  data_time: 0.065277  memory: 303  loss: 0.000163  loss_kpt: 0.000163  acc_pose: 0.618697
2026/03/30 03:34:58 - mmengine - INFO - Epoch(train)  [6][40/45]  base_lr: 2.647645e-04 lr: 2.647645e-04  eta: 0:01:04  time: 0.151538  data_time: 0.068288  memory: 303  loss: 0.000161  loss_kpt: 0.000161  acc_pose: 0.649020
2026/03/30 03:34:58 - mmengine - INFO - Exp name: rtmpose-t_8xb256-420e_coco-256x192_20260330_033406
2026/03/30 03:35:00 - mmengine - INFO - Epoch(train)  [7][10/45]  base_lr: 2.797796e-04 lr: 2.797796e-04  eta: 0:01:02  time: 0.144937  data_time: 0.064118  memory: 303  loss: 0.000156  loss_kpt: 0.000156  acc_pose: 0.572899
2026/03/30 03:35:02 - mmengine - INFO - Epoch(train)  [7][20/45]  base_lr: 2.897896e-04 lr: 2.897896e-04  eta: 0:01:00  time: 0.148293  data_time: 0.068655  memory: 303  loss: 0.000153  loss_kpt: 0.000153  acc_pose: 0.595028
2026/03/30 03:35:03 - mmengine - INFO - Epoch(train)  [7][30/45]  base_lr: 2.997996e-04 lr: 2.997996e-04  eta: 0:00:58  time: 0.149304  data_time: 0.068491  memory: 303  loss: 0.000150  loss_kpt: 0.000150  acc_pose: 0.573529
2026/03/30 03:35:05 - mmengine - INFO - Epoch(train)  [7][40/45]  base_lr: 3.098096e-04 lr: 3.098096e-04  eta: 0:00:57  time: 0.151847  data_time: 0.071913  memory: 303  loss: 0.000150  loss_kpt: 0.000150  acc_pose: 0.751751
2026/03/30 03:35:05 - mmengine - INFO - Exp name: rtmpose-t_8xb256-420e_coco-256x192_20260330_033406
2026/03/30 03:35:07 - mmengine - INFO - Epoch(train)  [8][10/45]  base_lr: 3.248246e-04 lr: 3.248246e-04  eta: 0:00:55  time: 0.151792  data_time: 0.068818  memory: 303  loss: 0.000148  loss_kpt: 0.000148  acc_pose: 0.645728
2026/03/30 03:35:08 - mmengine - INFO - Epoch(train)  [8][20/45]  base_lr: 3.348347e-04 lr: 3.348347e-04  eta: 0:00:53  time: 0.150535  data_time: 0.064230  memory: 303  loss: 0.000146  loss_kpt: 0.000146  acc_pose: 0.699930
2026/03/30 03:35:10 - mmengine - INFO - Epoch(train)  [8][30/45]  base_lr: 3.448447e-04 lr: 3.448447e-04  eta: 0:00:51  time: 0.151267  data_time: 0.065296  memory: 303  loss: 0.000144  loss_kpt: 0.000144  acc_pose: 0.604482
2026/03/30 03:35:11 - mmengine - INFO - Epoch(train)  [8][40/45]  base_lr: 3.548547e-04 lr: 3.548547e-04  eta: 0:00:50  time: 0.153474  data_time: 0.068257  memory: 303  loss: 0.000144  loss_kpt: 0.000144  acc_pose: 0.540266
2026/03/30 03:35:12 - mmengine - INFO - Exp name: rtmpose-t_8xb256-420e_coco-256x192_20260330_033406
2026/03/30 03:35:14 - mmengine - INFO - Epoch(train)  [9][10/45]  base_lr: 3.698697e-04 lr: 3.698697e-04  eta: 0:00:47  time: 0.152418  data_time: 0.067446  memory: 303  loss: 0.000141  loss_kpt: 0.000141  acc_pose: 0.664216
2026/03/30 03:35:15 - mmengine - INFO - Epoch(train)  [9][20/45]  base_lr: 3.798798e-04 lr: 3.798798e-04  eta: 0:00:46  time: 0.156830  data_time: 0.071800  memory: 303  loss: 0.000140  loss_kpt: 0.000140  acc_pose: 0.661765
2026/03/30 03:35:17 - mmengine - INFO - Epoch(train)  [9][30/45]  base_lr: 3.898898e-04 lr: 3.898898e-04  eta: 0:00:44  time: 0.155774  data_time: 0.072379  memory: 303  loss: 0.000138  loss_kpt: 0.000138  acc_pose: 0.833333
2026/03/30 03:35:18 - mmengine - INFO - Epoch(train)  [9][40/45]  base_lr: 3.998998e-04 lr: 3.998998e-04  eta: 0:00:42  time: 0.154569  data_time: 0.071047  memory: 303  loss: 0.000136  loss_kpt: 0.000136  acc_pose: 0.676471
2026/03/30 03:35:19 - mmengine - INFO - Exp name: rtmpose-t_8xb256-420e_coco-256x192_20260330_033406
2026/03/30 03:35:21 - mmengine - INFO - Epoch(train) [10][10/45]  base_lr: 4.149148e-04 lr: 4.149148e-04  eta: 0:00:40  time: 0.154136  data_time: 0.070592  memory: 303  loss: 0.000136  loss_kpt: 0.000136  acc_pose: 0.579202
2026/03/30 03:35:22 - mmengine - INFO - Epoch(train) [10][20/45]  base_lr: 4.249248e-04 lr: 4.249248e-04  eta: 0:00:39  time: 0.154887  data_time: 0.071546  memory: 303  loss: 0.000136  loss_kpt: 0.000136  acc_pose: 0.691176
2026/03/30 03:35:24 - mmengine - INFO - Epoch(train) [10][30/45]  base_lr: 4.349349e-04 lr: 4.349349e-04  eta: 0:00:37  time: 0.153850  data_time: 0.069965  memory: 303  loss: 0.000132  loss_kpt: 0.000132  acc_pose: 0.674020
2026/03/30 03:35:25 - mmengine - INFO - Epoch(train) [10][40/45]  base_lr: 4.449449e-04 lr: 4.449449e-04  eta: 0:00:35  time: 0.156116  data_time: 0.073913  memory: 303  loss: 0.000133  loss_kpt: 0.000133  acc_pose: 0.757003
2026/03/30 03:35:26 - mmengine - INFO - Exp name: rtmpose-t_8xb256-420e_coco-256x192_20260330_033406
2026/03/30 03:35:26 - mmengine - INFO - Saving checkpoint at 10 epochs
2026/03/30 03:35:28 - mmengine - INFO - Epoch(val) [10][10/45]    eta: 0:00:05  time: 0.116026  data_time: 0.071313  memory: 303  
2026/03/30 03:35:29 - mmengine - INFO - Epoch(val) [10][20/45]    eta: 0:00:02  time: 0.115011  data_time: 0.069217  memory: 115  
2026/03/30 03:35:30 - mmengine - INFO - Epoch(val) [10][30/45]    eta: 0:00:01  time: 0.110416  data_time: 0.066643  memory: 115  
2026/03/30 03:35:31 - mmengine - INFO - Epoch(val) [10][40/45]    eta: 0:00:00  time: 0.107333  data_time: 0.064980  memory: 115  
2026/03/30 03:35:31 - mmengine - INFO - Evaluating CocoMetric...
2026/03/30 03:35:31 - mmengine - INFO - Epoch(val) [10][45/45]    coco/AP: 0.399447  coco/AP .5: 0.786916  coco/AP .75: 0.326140  coco/AP (M): -1.000000  coco/AP (L): 0.399447  coco/AR: 0.418889  coco/AR .5: 0.805556  coco/AR .75: 0.352778  coco/AR (M): -1.000000  coco/AR (L): 0.418889  data_time: 0.066946  time: 0.109443
2026/03/30 03:35:31 - mmengine - INFO - The previous best checkpoint /home/tvem/anime/AniPose2/work_dirs/anime_rtmpose_tiny/best_coco_AP_epoch_5.pth is removed
2026/03/30 03:35:32 - mmengine - INFO - The best checkpoint with 0.3994 coco/AP at 10 epoch is saved to best_coco_AP_epoch_10.pth.
2026/03/30 03:35:34 - mmengine - INFO - Epoch(train) [11][10/45]  base_lr: 4.599599e-05 lr: 4.599599e-05  eta: 0:00:33  time: 0.150393  data_time: 0.067229  memory: 303  loss: 0.000129  loss_kpt: 0.000129  acc_pose: 0.693067
2026/03/30 03:35:36 - mmengine - INFO - Epoch(train) [11][20/45]  base_lr: 4.699699e-05 lr: 4.699699e-05  eta: 0:00:31  time: 0.145497  data_time: 0.063065  memory: 303  loss: 0.000126  loss_kpt: 0.000126  acc_pose: 0.776611
2026/03/30 03:35:37 - mmengine - INFO - Epoch(train) [11][30/45]  base_lr: 4.799800e-05 lr: 4.799800e-05  eta: 0:00:30  time: 0.151997  data_time: 0.070500  memory: 303  loss: 0.000125  loss_kpt: 0.000125  acc_pose: 0.695588
2026/03/30 03:35:39 - mmengine - INFO - Epoch(train) [11][40/45]  base_lr: 4.899900e-05 lr: 4.899900e-05  eta: 0:00:28  time: 0.148348  data_time: 0.069337  memory: 303  loss: 0.000125  loss_kpt: 0.000125  acc_pose: 0.767647
2026/03/30 03:35:39 - mmengine - INFO - Exp name: rtmpose-t_8xb256-420e_coco-256x192_20260330_033406
2026/03/30 03:35:41 - mmengine - INFO - Epoch(train) [12][10/45]  base_lr: 5.000000e-05 lr: 5.000000e-05  eta: 0:00:26  time: 0.149114  data_time: 0.067516  memory: 303  loss: 0.000124  loss_kpt: 0.000124  acc_pose: 0.931373
2026/03/30 03:35:42 - mmengine - INFO - Epoch(train) [12][20/45]  base_lr: 5.000000e-05 lr: 5.000000e-05  eta: 0:00:24  time: 0.149886  data_time: 0.070302  memory: 303  loss: 0.000122  loss_kpt: 0.000122  acc_pose: 0.776471
2026/03/30 03:35:44 - mmengine - INFO - Epoch(train) [12][30/45]  base_lr: 5.000000e-05 lr: 5.000000e-05  eta: 0:00:23  time: 0.153325  data_time: 0.073803  memory: 303  loss: 0.000119  loss_kpt: 0.000119  acc_pose: 0.890686
2026/03/30 03:35:45 - mmengine - INFO - Epoch(train) [12][40/45]  base_lr: 5.000000e-05 lr: 5.000000e-05  eta: 0:00:21  time: 0.146706  data_time: 0.065025  memory: 303  loss: 0.000118  loss_kpt: 0.000118  acc_pose: 0.753011
2026/03/30 03:35:46 - mmengine - INFO - Exp name: rtmpose-t_8xb256-420e_coco-256x192_20260330_033406
2026/03/30 03:35:48 - mmengine - INFO - Epoch(train) [13][10/45]  base_lr: 5.000000e-05 lr: 5.000000e-05  eta: 0:00:19  time: 0.152984  data_time: 0.070680  memory: 303  loss: 0.000117  loss_kpt: 0.000117  acc_pose: 0.644608
2026/03/30 03:35:50 - mmengine - INFO - Epoch(train) [13][20/45]  base_lr: 5.000000e-05 lr: 5.000000e-05  eta: 0:00:17  time: 0.156366  data_time: 0.074447  memory: 303  loss: 0.000115  loss_kpt: 0.000115  acc_pose: 0.867997
2026/03/30 03:35:51 - mmengine - INFO - Epoch(train) [13][30/45]  base_lr: 5.000000e-05 lr: 5.000000e-05  eta: 0:00:16  time: 0.148210  data_time: 0.066526  memory: 303  loss: 0.000116  loss_kpt: 0.000116  acc_pose: 0.772059
2026/03/30 03:35:52 - mmengine - INFO - Epoch(train) [13][40/45]  base_lr: 5.000000e-05 lr: 5.000000e-05  eta: 0:00:14  time: 0.150240  data_time: 0.070994  memory: 303  loss: 0.000117  loss_kpt: 0.000117  acc_pose: 0.850840
2026/03/30 03:35:53 - mmengine - INFO - Exp name: rtmpose-t_8xb256-420e_coco-256x192_20260330_033406
2026/03/30 03:35:55 - mmengine - INFO - Epoch(train) [14][10/45]  base_lr: 5.000000e-06 lr: 5.000000e-06  eta: 0:00:12  time: 0.151225  data_time: 0.070725  memory: 303  loss: 0.000117  loss_kpt: 0.000117  acc_pose: 0.800070
2026/03/30 03:35:56 - mmengine - INFO - Epoch(train) [14][20/45]  base_lr: 5.000000e-06 lr: 5.000000e-06  eta: 0:00:10  time: 0.147974  data_time: 0.067525  memory: 303  loss: 0.000116  loss_kpt: 0.000116  acc_pose: 0.666667
2026/03/30 03:35:58 - mmengine - INFO - Epoch(train) [14][30/45]  base_lr: 5.000000e-06 lr: 5.000000e-06  eta: 0:00:09  time: 0.149554  data_time: 0.069139  memory: 303  loss: 0.000116  loss_kpt: 0.000116  acc_pose: 0.806373
2026/03/30 03:35:59 - mmengine - INFO - Epoch(train) [14][40/45]  base_lr: 5.000000e-06 lr: 5.000000e-06  eta: 0:00:07  time: 0.148951  data_time: 0.068683  memory: 303  loss: 0.000115  loss_kpt: 0.000115  acc_pose: 0.780322
2026/03/30 03:36:00 - mmengine - INFO - Exp name: rtmpose-t_8xb256-420e_coco-256x192_20260330_033406
2026/03/30 03:36:02 - mmengine - INFO - Epoch(train) [15][10/45]  base_lr: 5.000000e-06 lr: 5.000000e-06  eta: 0:00:05  time: 0.152767  data_time: 0.070668  memory: 303  loss: 0.000113  loss_kpt: 0.000113  acc_pose: 0.900910
2026/03/30 03:36:03 - mmengine - INFO - Epoch(train) [15][20/45]  base_lr: 5.000000e-06 lr: 5.000000e-06  eta: 0:00:03  time: 0.149717  data_time: 0.065876  memory: 303  loss: 0.000116  loss_kpt: 0.000116  acc_pose: 0.730392
2026/03/30 03:36:04 - mmengine - INFO - Epoch(train) [15][30/45]  base_lr: 5.000000e-06 lr: 5.000000e-06  eta: 0:00:02  time: 0.150777  data_time: 0.067489  memory: 303  loss: 0.000115  loss_kpt: 0.000115  acc_pose: 0.868137
2026/03/30 03:36:06 - mmengine - INFO - Epoch(train) [15][40/45]  base_lr: 5.000000e-06 lr: 5.000000e-06  eta: 0:00:00  time: 0.148479  data_time: 0.063545  memory: 303  loss: 0.000114  loss_kpt: 0.000114  acc_pose: 0.880042
2026/03/30 03:36:07 - mmengine - INFO - Exp name: rtmpose-t_8xb256-420e_coco-256x192_20260330_033406
2026/03/30 03:36:07 - mmengine - INFO - Saving checkpoint at 15 epochs
2026/03/30 03:36:09 - mmengine - INFO - Epoch(val) [15][10/45]    eta: 0:00:04  time: 0.106186  data_time: 0.062860  memory: 303  
2026/03/30 03:36:10 - mmengine - INFO - Epoch(val) [15][20/45]    eta: 0:00:02  time: 0.106202  data_time: 0.068015  memory: 115  
2026/03/30 03:36:11 - mmengine - INFO - Epoch(val) [15][30/45]    eta: 0:00:01  time: 0.111644  data_time: 0.072756  memory: 115  
2026/03/30 03:36:12 - mmengine - INFO - Epoch(val) [15][40/45]    eta: 0:00:00  time: 0.106593  data_time: 0.065528  memory: 115  
2026/03/30 03:36:12 - mmengine - INFO - Evaluating CocoMetric...
2026/03/30 03:36:12 - mmengine - INFO - Epoch(val) [15][45/45]    coco/AP: 0.441951  coco/AP .5: 0.799313  coco/AP .75: 0.396938  coco/AP (M): -1.000000  coco/AP (L): 0.441951  coco/AR: 0.467222  coco/AR .5: 0.811111  coco/AR .75: 0.447222  coco/AR (M): -1.000000  coco/AR (L): 0.467222  data_time: 0.068899  time: 0.109747
2026/03/30 03:36:12 - mmengine - INFO - The previous best checkpoint /home/tvem/anime/AniPose2/work_dirs/anime_rtmpose_tiny/best_coco_AP_epoch_10.pth is removed
2026/03/30 03:36:13 - mmengine - INFO - The best checkpoint with 0.4420 coco/AP at 15 epoch is saved to best_coco_AP_epoch_15.pth.
